1.
PART I"THE TRIBUTES"
The Hunger Games
The Hunger Games 1by Suzanne Collins
When I wake up, the other side of the bed is cold.
