When I wake up, the other side of the bed is cold.
The Hunger Games 1by Suzanne Collins
The Hunger Games
PART I"THE TRIBUTES"
1.
